// Jest Snapshot v1, https://goo.gl/fbAQLP

exports[`The MenuLink component renders a link element (<a>) into the DOM with the title 'Rockets'  1`] = `
<li
  className="nav-item"
>
  <a
    className={null}
    href="/rockets"
    onClick={[Function]}
  >
    Rockets
  </a>
</li>
`;
