// Jest Snapshot v1, https://goo.gl/fbAQLP

exports[`The MissionItem component renders correctly into the DOM 1`] = `
Object {
  "asFragment": [Function],
  "baseElement": <body>
    <div>
      <table>
        <tbody>
          <tr>
            <td
              class="mission-name"
            >
              Telstar 19V
            </td>
            <td
              class="mission-description"
            >
              Thaicom is the name of a series of communications satellites operated from Thailand, and also the name of Thaicom Public Company Limited.
            </td>
            <td
              class="mission-status"
            >
              <span
                class="badge badge-gray"
              >
                Not a member
              </span>
            </td>
            <td
              class="mission-join-button"
            >
              <button
                class="btn btn-gray"
                type="button"
              >
                Join Mission
              </button>
            </td>
          </tr>
        </tbody>
      </table>
    </div>
  </body>,
  "container": <div>
    <table>
      <tbody>
        <tr>
          <td
            class="mission-name"
          >
            Telstar 19V
          </td>
          <td
            class="mission-description"
          >
            Thaicom is the name of a series of communications satellites operated from Thailand, and also the name of Thaicom Public Company Limited.
          </td>
          <td
            class="mission-status"
          >
            <span
              class="badge badge-gray"
            >
              Not a member
            </span>
          </td>
          <td
            class="mission-join-button"
          >
            <button
              class="btn btn-gray"
              type="button"
            >
              Join Mission
            </button>
          </td>
        </tr>
      </tbody>
    </table>
  </div>,
  "debug": [Function],
  "findAllByAltText": [Function],
  "findAllByDisplayValue": [Function],
  "findAllByLabelText": [Function],
  "findAllByPlaceholderText": [Function],
  "findAllByRole": [Function],
  "findAllByTestId": [Function],
  "findAllByText": [Function],
  "findAllByTitle": [Function],
  "findByAltText": [Function],
  "findByDisplayValue": [Function],
  "findByLabelText": [Function],
  "findByPlaceholderText": [Function],
  "findByRole": [Function],
  "findByTestId": [Function],
  "findByText": [Function],
  "findByTitle": [Function],
  "getAllByAltText": [Function],
  "getAllByDisplayValue": [Function],
  "getAllByLabelText": [Function],
  "getAllByPlaceholderText": [Function],
  "getAllByRole": [Function],
  "getAllByTestId": [Function],
  "getAllByText": [Function],
  "getAllByTitle": [Function],
  "getByAltText": [Function],
  "getByDisplayValue": [Function],
  "getByLabelText": [Function],
  "getByPlaceholderText": [Function],
  "getByRole": [Function],
  "getByTestId": [Function],
  "getByText": [Function],
  "getByTitle": [Function],
  "queryAllByAltText": [Function],
  "queryAllByDisplayValue": [Function],
  "queryAllByLabelText": [Function],
  "queryAllByPlaceholderText": [Function],
  "queryAllByRole": [Function],
  "queryAllByTestId": [Function],
  "queryAllByText": [Function],
  "queryAllByTitle": [Function],
  "queryByAltText": [Function],
  "queryByDisplayValue": [Function],
  "queryByLabelText": [Function],
  "queryByPlaceholderText": [Function],
  "queryByRole": [Function],
  "queryByTestId": [Function],
  "queryByText": [Function],
  "queryByTitle": [Function],
  "rerender": [Function],
  "unmount": [Function],
}
`;
