// Jest Snapshot v1, https://goo.gl/fbAQLP

exports[`The MyProfile component renders correctly into the DOM 1`] = `
Object {
  "asFragment": [Function],
  "baseElement": <body>
    <div>
      <header>
        <div
          class="container"
        >
          <nav
            class="navbar"
          >
            <a
              class="logo"
              href="/"
            >
              <img
                alt="Space Travelers' Hub"
                class="logo-image"
                src="logo.png"
              />
              <span
                class="app-name"
              >
                Space Travelers' Hub
              </span>
            </a>
            <ul
              id="navigation"
            >
              <li
                class="nav-item"
              >
                <a
                  href="/rockets"
                >
                  Rockets
                </a>
              </li>
              <li
                class="nav-item"
              >
                <a
                  href="/missions"
                >
                  Missions
                </a>
              </li>
              <li
                class="nav-item"
              >
                <a
                  href="/my-profile"
                >
                  My Profile
                </a>
              </li>
            </ul>
          </nav>
        </div>
      </header>
      <main>
        <section
          id="myProfile"
        >
          <div
            class="container"
          >
            <div
              class="services-content"
            >
              <div
                class="my-missions service"
              >
                <h2>
                  My Missions
                </h2>
                <ul
                  class="reservation-list"
                  id="reserved-missions"
                />
              </div>
              <div
                class="my-rockets service"
              >
                <h2>
                  My Rockets
                </h2>
                <ul
                  class="reservation-list"
                  id="reserved-rockets"
                >
                  <li
                    class="reservation-item"
                  >
                    Falcon 1
                  </li>
                </ul>
              </div>
            </div>
          </div>
        </section>
      </main>
    </div>
  </body>,
  "container": <div>
    <header>
      <div
        class="container"
      >
        <nav
          class="navbar"
        >
          <a
            class="logo"
            href="/"
          >
            <img
              alt="Space Travelers' Hub"
              class="logo-image"
              src="logo.png"
            />
            <span
              class="app-name"
            >
              Space Travelers' Hub
            </span>
          </a>
          <ul
            id="navigation"
          >
            <li
              class="nav-item"
            >
              <a
                href="/rockets"
              >
                Rockets
              </a>
            </li>
            <li
              class="nav-item"
            >
              <a
                href="/missions"
              >
                Missions
              </a>
            </li>
            <li
              class="nav-item"
            >
              <a
                href="/my-profile"
              >
                My Profile
              </a>
            </li>
          </ul>
        </nav>
      </div>
    </header>
    <main>
      <section
        id="myProfile"
      >
        <div
          class="container"
        >
          <div
            class="services-content"
          >
            <div
              class="my-missions service"
            >
              <h2>
                My Missions
              </h2>
              <ul
                class="reservation-list"
                id="reserved-missions"
              />
            </div>
            <div
              class="my-rockets service"
            >
              <h2>
                My Rockets
              </h2>
              <ul
                class="reservation-list"
                id="reserved-rockets"
              >
                <li
                  class="reservation-item"
                >
                  Falcon 1
                </li>
              </ul>
            </div>
          </div>
        </div>
      </section>
    </main>
  </div>,
  "debug": [Function],
  "findAllByAltText": [Function],
  "findAllByDisplayValue": [Function],
  "findAllByLabelText": [Function],
  "findAllByPlaceholderText": [Function],
  "findAllByRole": [Function],
  "findAllByTestId": [Function],
  "findAllByText": [Function],
  "findAllByTitle": [Function],
  "findByAltText": [Function],
  "findByDisplayValue": [Function],
  "findByLabelText": [Function],
  "findByPlaceholderText": [Function],
  "findByRole": [Function],
  "findByTestId": [Function],
  "findByText": [Function],
  "findByTitle": [Function],
  "getAllByAltText": [Function],
  "getAllByDisplayValue": [Function],
  "getAllByLabelText": [Function],
  "getAllByPlaceholderText": [Function],
  "getAllByRole": [Function],
  "getAllByTestId": [Function],
  "getAllByText": [Function],
  "getAllByTitle": [Function],
  "getByAltText": [Function],
  "getByDisplayValue": [Function],
  "getByLabelText": [Function],
  "getByPlaceholderText": [Function],
  "getByRole": [Function],
  "getByTestId": [Function],
  "getByText": [Function],
  "getByTitle": [Function],
  "queryAllByAltText": [Function],
  "queryAllByDisplayValue": [Function],
  "queryAllByLabelText": [Function],
  "queryAllByPlaceholderText": [Function],
  "queryAllByRole": [Function],
  "queryAllByTestId": [Function],
  "queryAllByText": [Function],
  "queryAllByTitle": [Function],
  "queryByAltText": [Function],
  "queryByDisplayValue": [Function],
  "queryByLabelText": [Function],
  "queryByPlaceholderText": [Function],
  "queryByRole": [Function],
  "queryByTestId": [Function],
  "queryByText": [Function],
  "queryByTitle": [Function],
  "rerender": [Function],
  "unmount": [Function],
}
`;
